<?xml version="1.0" encoding="UTF-8"?><mappingRoot domainID="com.ibm.msl.mapping.xml" domainIDExtension="mb" mainMap="true" targetNamespace="default" version="8.0.4.0" xmlns="http://www.ibm.com/2008/ccl/Mapping" xmlns:map="default">
    <input path="/DatabaseInput Database Message/dbinput/db2admin/DBINPUT.mxsd" var="in"/>
    <output path="/CustomerDetails/CustomerDetailsDefinition.mxsd"/>
    <generation engine="xquery"/>
    <documentation>This map was created by converting /DatabaseInput sample/DatabaseInput_Map_to_common_output_type.msgmap using the Message Broker Toolkit assisted msgmap converter version 9.0.0.v20130331-2343. Time stamp: Mon Apr 08 13:43:15 BST 2013</documentation>
    <mappingDeclaration name="DatabaseInput_Map_to_common_output_type">
        <input namespace="http://dbinput/db2admin" path="$in/mb:msg(DBINPUT_CUSTOMER,assembly,,Properties)"/>
        <output namespace="" path="mb:msg(Customer,assembly,XMLNSC,Properties)"/>
        <move>
            <input path="DBINPUT_CUSTOMER/FIRSTNAME"/>
            <output path="Customer/FirstName"/>
        </move>
        <move>
            <input path="DBINPUT_CUSTOMER/LASTNAME"/>
            <output path="Customer/LastName"/>
        </move>
        <local>
            <input path="Properties"/>
            <output path="Properties"/>
            <assign value="CustomerDetails">
                <output path="MessageSet"/>
            </assign>
            <assign value="{}:Customer">
                <output path="MessageType"/>
            </assign>
            <assign value="CwXML">
                <output path="MessageFormat"/>
            </assign>
            <move>
                <input path="Encoding"/>
                <output path="Encoding"/>
            </move>
            <move>
                <input path="CodedCharSetId"/>
                <output path="CodedCharSetId"/>
            </move>
            <move>
                <input path="Transactional"/>
                <output path="Transactional"/>
            </move>
            <move>
                <input path="Persistence"/>
                <output path="Persistence"/>
            </move>
            <move>
                <input path="CreationTime"/>
                <output path="CreationTime"/>
            </move>
            <move>
                <input path="ExpirationTime"/>
                <output path="ExpirationTime"/>
            </move>
            <move>
                <input path="Priority"/>
                <output path="Priority"/>
            </move>
            <move>
                <input path="ReplyIdentifier"/>
                <output path="ReplyIdentifier"/>
            </move>
            <move>
                <input path="ReplyProtocol"/>
                <output path="ReplyProtocol"/>
            </move>
            <move>
                <input path="Topic"/>
                <output path="Topic"/>
            </move>
            <move>
                <input path="ContentType"/>
                <output path="ContentType"/>
            </move>
            <move>
                <input path="IdentitySourceType"/>
                <output path="IdentitySourceType"/>
            </move>
            <move>
                <input path="IdentitySourceToken"/>
                <output path="IdentitySourceToken"/>
            </move>
            <move>
                <input path="IdentitySourcePassword"/>
                <output path="IdentitySourcePassword"/>
            </move>
            <move>
                <input path="IdentitySourceIssuedBy"/>
                <output path="IdentitySourceIssuedBy"/>
            </move>
            <move>
                <input path="IdentityMappedType"/>
                <output path="IdentityMappedType"/>
            </move>
            <move>
                <input path="IdentityMappedToken"/>
                <output path="IdentityMappedToken"/>
            </move>
            <move>
                <input path="IdentityMappedPassword"/>
                <output path="IdentityMappedPassword"/>
            </move>
            <move>
                <input path="IdentityMappedIssuedBy"/>
                <output path="IdentityMappedIssuedBy"/>
            </move>
        </local>
    </mappingDeclaration>
</mappingRoot>